// Jest Snapshot v1, https://goo.gl/fbAQLP

exports[`createRollupConfig should match snapshot 1`] = `
Object {
  "input": "virtual-module",
  "output": Object {
    "file": "dist/bundle.js",
    "format": "iife",
    "name": "Bundle",
  },
  "plugins": Array [
    Object {
      "load": [Function],
      "name": "rollup-plugin-virtual-resolver",
      "resolveId": [Function],
    },
  ],
}
`;
